2026-07-31 02:21:51 [INFO] Logging mode set to PRODUCTION (log_file=sophos.log)
2026-07-31 02:22:12 [INFO] Logging mode set to PRODUCTION (log_file=sophos.log)
2026-07-31 02:22:12 [INFO] Logging mode set to PRODUCTION (log_file=sophos.log)
2026-07-31 02:22:12 [INFO] Logging mode set to PRODUCTION (log_file=sophos.log)
2026-07-31 02:22:12 [DEBUG] Loading KWallet
2026-07-31 02:22:12 [DEBUG] Loading SecretService
2026-07-31 02:22:12 [DEBUG] Loading Windows
2026-07-31 02:22:12 [DEBUG] Loaded ctypes backend
2026-07-31 02:22:12 [DEBUG] Loading chainer
2026-07-31 02:22:12 [DEBUG] Loading libsecret
2026-07-31 02:22:12 [DEBUG] Loading macOS
2026-07-31 02:22:12 [INFO] State INTERNET_UNAVAILABLE
2026-07-31 02:22:12 [INFO] State CONNECTED
2026-07-31 02:22:12 [INFO] State INTERNET_UNAVAILABLE
2026-07-31 02:22:12 [INFO] Periodic backstop: captive portal detected despite SUCCESS health checks
2026-07-31 02:22:12 [INFO] State AUTHENTICATION_EXPIRED
2026-07-31 02:24:28 [INFO] Logging mode set to PRODUCTION (log_file=sophos.log)
2026-07-31 02:24:28 [INFO] Logging mode set to PRODUCTION (log_file=sophos.log)
2026-07-31 02:24:28 [INFO] Logging mode set to PRODUCTION (log_file=sophos.log)
2026-07-31 02:24:28 [DEBUG] Loading KWallet
2026-07-31 02:24:28 [DEBUG] Loading SecretService
2026-07-31 02:24:28 [DEBUG] Loading Windows
2026-07-31 02:24:28 [DEBUG] Loaded ctypes backend
2026-07-31 02:24:28 [DEBUG] Loading chainer
2026-07-31 02:24:28 [DEBUG] Loading libsecret
2026-07-31 02:24:28 [DEBUG] Loading macOS
2026-07-31 02:24:28 [INFO] State INTERNET_UNAVAILABLE
2026-07-31 02:24:28 [INFO] State CONNECTED
2026-07-31 02:24:28 [INFO] State INTERNET_UNAVAILABLE
2026-07-31 02:24:28 [INFO] Periodic backstop: captive portal detected despite SUCCESS health checks
2026-07-31 02:24:28 [INFO] State AUTHENTICATION_EXPIRED
2026-07-31 02:24:28 [INFO] State RETRYING_LOGIN
2026-07-31 02:24:28 [INFO] Attempting re-login due to authentication expiry
2026-07-31 02:24:28 [INFO] State CONNECTED
